// Jest Snapshot v1, https://goo.gl/fbAQLP

exports[`Header Component should match snapshot 1`] = `
<header>
  <div
    className="header-container"
  >
    <h1
      className="header-title"
    >
      <Link
        replace={false}
        to="/"
      >
        Ryan Medina
      </Link>
    </h1>
    <div
      className="desktop-menu-block"
    >
      <div
        className="sub-menu-block"
      >
        <Link
          replace={false}
          to="/"
        >
          Portfolio
        </Link>
      </div>
    </div>
  </div>
</header>
`;
