// Jest Snapshot v1, https://goo.gl/fbAQLP

exports[`Header Component should match snapshot 1`] = `
<header>
  <div
    className="header-container"
  >
    <h1
      className="header-title"
    >
      <Link
        replace={false}
        to="/"
      >
        Ryan Medina
      </Link>
    </h1>
    <div
      className="mobile-menu-block"
      onClick={[Function]}
      onKeyPress={[Function]}
      role="button"
      tabIndex="0"
    >
      <h2>
        Menu
      </h2>
      <div
        className="menu-icon"
      >
        <div
          className="bar-1"
        />
        <div
          className="bar-2"
        />
        <div
          className="bar-3"
        />
      </div>
    </div>
    <div
      className="desktop-menu-block"
    >
      <div
        className="sub-menu-block"
      >
        <Link
          replace={false}
          to="/"
        >
          Portfolio
        </Link>
        <Link
          replace={false}
          to="/"
        >
          About & Contact
        </Link>
      </div>
      <div
        className="sub-menu-block"
      >
        <Link
          replace={false}
          to="/"
        >
          Twitter
        </Link>
        <Link
          replace={false}
          to="/"
        >
          Instagram
        </Link>
        <Link
          replace={false}
          to="/"
        >
          Dribble
        </Link>
      </div>
    </div>
  </div>
</header>
`;
