// Jest Snapshot v1, https://goo.gl/fbAQLP

exports[`Tile Component should match snapshot 1`] = `
<Link
  className="tile"
  replace={false}
  to="'/another-page"
>
  <div
    className="tile-overlay"
  >
    <div
      className="tile-title"
    >
      <h2>
        The Chocolate Room1
      </h2>
      <h3>
        — view —
      </h3>
    </div>
  </div>
  <img
    alt="The Chocolate Room1"
    className="tile-img"
    src="/photos/ryan_pool_CO3.jpg"
  />
</Link>
`;
